mgeorge2@vm-shell3:~$ cd imperial-computing-msc/cpp_past_exams/
mgeorge2@vm-shell3:~/imperial-computing-msc/cpp_past_exams$ ls -l
total 4
drwxr-xr-x 2 mgeorge2 mcs   10 Dec 31 09:22 doublets
drwxr-xr-x 2 mgeorge2 mcs  170 Dec 31 09:45 maze
drwxr-xr-x 2 mgeorge2 mcs  234 Jan  2 18:41 minesweeper
drwxr-xr-x 2 mgeorge2 mcs  153 Dec 31 09:21 playfair
drwxr-xr-x 2 mgeorge2 mcs 4096 Jan  3 11:20 river
drwxr-xr-x 2 mgeorge2 mcs  253 Dec 31 09:23 sonnet
drwxr-xr-x 2 mgeorge2 mcs  199 Jan  3 18:08 stamp
drwxr-xr-x 2 mgeorge2 mcs  188 Jan  3 12:13 tube
mgeorge2@vm-shell3:~/imperial-computing-msc/cpp_past_exams$ cd doublets/
mgeorge2@vm-shell3:~/imperial-computing-msc/cpp_past_exams/doublets$ ls -l
total 0
mgeorge2@vm-shell3:~/imperial-computing-msc/cpp_past_exams/doublets$ ls -l
total 4
-rw-r--r-- 1 mgeorge2 mcs 774 Jan  3 21:10 ' cd ..'
mgeorge2@vm-shell3:~/imperial-computing-msc/cpp_past_exams/doublets$ rm ' cd\ .. 
> '
rm: cannot remove ' cd\ .. '$'\n': No such file or directory
mgeorge2@vm-shell3:~/imperial-computing-msc/cpp_past_exams/doublets$ ls -l
total 4
-rw-r--r-- 1 mgeorge2 mcs 774 Jan  3 21:10 ' cd ..'
mgeorge2@vm-shell3:~/imperial-computing-msc/cpp_past_exams/doublets$ rm ' cd ..'
rm: remove regular file ' cd ..'? y
mgeorge2@vm-shell3:~/imperial-computing-msc/cpp_past_exams/doublets$ ls -l
total 0
mgeorge2@vm-shell3:~/imperial-computing-msc/cpp_past_exams/doublets$ cp -r ~wjk/public_html/C++Intro/doublets ~/imperial-computing-msc/cpp_past_exams/
mgeorge2@vm-shell3:~/imperial-computing-msc/cpp_past_exams/doublets$ ls -l
total 560
-rw-r--r-- 1 mgeorge2 mcs   1587 Jan  3 21:12 dictionary.h
-rw-r--r-- 1 mgeorge2 mcs    612 Jan  3 21:12 doublets.cpp
-rw-r--r-- 1 mgeorge2 mcs    326 Jan  3 21:12 doublets.h
-rw-r--r-- 1 mgeorge2 mcs   5231 Jan  3 21:12 main.cpp
-rw-r--r-- 1 mgeorge2 mcs 385350 Jan  3 21:12 spec.pdf
-rw-r--r-- 1 mgeorge2 mcs 162271 Jan  3 21:12 words.txt
mgeorge2@vm-shell3:~/imperial-computing-msc/cpp_past_exams/doublets$ls -l
total 560
-rw-r--r-- 1 mgeorge2 mcs   1587 Jan  3 21:12 dictionary.h
-rw-r--r-- 1 mgeorge2 mcs    612 Jan  3 21:12 doublets.cpp
-rw-r--r-- 1 mgeorge2 mcs    326 Jan  3 21:12 doublets.h
-rw-r--r-- 1 mgeorge2 mcs   5231 Jan  3 21:12 main.cpp
-rw-r--r-- 1 mgeorge2 mcs 385350 Jan  3 21:12 spec.pdf
-rw-r--r-- 1 mgeorge2 mcs 162271 Jan  3 21:12 words.txt
mgeorge2@vm-shell3:~/imperial-computing-msc/cpp_past_exams/double
mgeorge2@vm-shell3:~/imperial-computing-msc/cpp_past_exams/doublets$ cd ..
mgeorge2@vm-shell3:~/imperial-computing-msc/cpp_past_exams$ ls -l
total 4
drwxr-xr-x 2 mgeorge2 mcs  161 Jan  3 21:12 doublets
drwxr-xr-x 2 mgeorge2 mcs  170 Dec 31 09:45 maze
drwxr-xr-x 2 mgeorge2 mcs  234 Jan  2 18:41 minesweeper
drwxr-xr-x 2 mgeorge2 mcs  153 Dec 31 09:21 playfair
drwxr-xr-x 2 mgeorge2 mcs 4096 Jan  3 11:20 river
drwxr-xr-x 2 mgeorge2 mcs  253 Dec 31 09:23 sonnet
drwxr-xr-x 2 mgeorge2 mcs  199 Jan  3 18:08 stamp
drwxr-xr-x 2 mgeorge2 mcs  188 Jan  3 12:13 tube
mgeorge2@vm-shell3:~/imperial-computing-msc/cpp_past_exams$ cd doublets/
mgeorge2@vm-shell3:~/imperial-computing-msc/cpp_past_exams/doublets$ ls -l
total 560
-rw-r--r-- 1 mgeorge2 mcs   1587 Jan  3 21:12 dictionary.h
-rw-r--r-- 1 mgeorge2 mcs    612 Jan  3 21:12 doublets.cpp
-rw-r--r-- 1 mgeorge2 mcs    326 Jan  3 21:12 doublets.h
-rw-r--r-- 1 mgeorge2 mcs   5231 Jan  3 21:12 main.cpp
-rw-r--r-- 1 mgeorge2 mcs 385350 Jan  3 21:12 spec.pdf
-rw-r--r-- 1 mgeorge2 mcs 162271 Jan  3 21:12 words.txt
mgeorge2@vm-shell3:~/imperial-computing-msc/cpp_past_exams/doublets$ 